// Jest Snapshot v1, https://goo.gl/fbAQLP

exports[`Sanitize detail should work 1`] = `
Object {
  "allowedBaggage": Object {
    "additionalBaggage": Array [],
    "cabin": Array [
      Object {
        "height": 20,
        "length": 55,
        "note": null,
        "weight": 8,
        "width": 44,
      },
      Object {
        "height": null,
        "length": null,
        "note": null,
        "weight": null,
        "width": null,
      },
    ],
    "checked": Array [
      Object {
        "height": 81,
        "length": 119,
        "note": null,
        "weight": 23,
        "width": 119,
      },
    ],
  },
  "allowedToChangeFlights": 48,
  "arrival": Object {
    "when": Object {
      "local": 2017-09-11T11:40:00.000Z,
      "utc": 2017-09-11T09:40:00.000Z,
    },
    "where": Object {
      "cityId": "gdansk_pl",
      "cityName": "Gdansk",
      "code": "GDN",
    },
  },
  "assets": Object {
    "boardingPasses": Array [
      Object {
        "availableAt": null,
        "boardingPassUrl": null,
        "flightNumber": "SP1123103_1678074",
        "leg": Object {
          "airlineCode": "LO",
          "arrival": Object {
            "when": Object {
              "local": 2017-09-11T11:40:00.000Z,
              "utc": 2017-09-11T09:40:00.000Z,
            },
            "where": Object {
              "cityId": "gdansk_pl",
              "cityName": "Gdansk",
              "code": "GDN",
            },
          },
          "boardingPassAvailableAt": null,
          "bookingId": 2968389,
          "departure": Object {
            "when": Object {
              "local": 2017-09-11T10:45:00.000Z,
              "utc": 2017-09-11T08:45:00.000Z,
            },
            "where": Object {
              "cityId": "warsaw_pl",
              "cityName": "Warsaw",
              "code": "WAW",
            },
          },
          "flightNo": 3835,
          "guarantee": false,
          "id": "SP1123103_1678074",
          "isReturn": false,
          "recheckRequired": false,
          "vehicleType": "aircraft",
        },
      },
      Object {
        "availableAt": undefined,
        "boardingPassUrl": null,
        "flightNumber": "all",
        "leg": undefined,
      },
      Object {
        "availableAt": null,
        "boardingPassUrl": null,
        "flightNumber": "SP1123103_1678073",
        "leg": Object {
          "airlineCode": "LO",
          "arrival": Object {
            "when": Object {
              "local": 2017-09-11T09:55:00.000Z,
              "utc": 2017-09-11T07:55:00.000Z,
            },
            "where": Object {
              "cityId": "warsaw_pl",
              "cityName": "Warsaw",
              "code": "WAW",
            },
          },
          "boardingPassAvailableAt": null,
          "bookingId": 2968389,
          "departure": Object {
            "when": Object {
              "local": 2017-09-11T09:05:00.000Z,
              "utc": 2017-09-11T07:05:00.000Z,
            },
            "where": Object {
              "cityId": "rzeszow_pl",
              "cityName": "Rzeszow",
              "code": "RZE",
            },
          },
          "flightNo": 3806,
          "guarantee": false,
          "id": "SP1123103_1678073",
          "isReturn": false,
          "recheckRequired": false,
          "vehicleType": "aircraft",
        },
      },
    ],
    "invoiceUrl": "https://booking.skypicker.com/api/v0.1/get_file/2968389?file_id=337020126&simple_token=b9cb406d-f797-434c-bc21-a0612b92f201",
    "legs": Array [
      Object {
        "airlineCode": "LO",
        "arrival": Object {
          "when": Object {
            "local": 2017-09-11T09:55:00.000Z,
            "utc": 2017-09-11T07:55:00.000Z,
          },
          "where": Object {
            "cityId": "warsaw_pl",
            "cityName": "Warsaw",
            "code": "WAW",
          },
        },
        "boardingPassAvailableAt": null,
        "bookingId": 2968389,
        "departure": Object {
          "when": Object {
            "local": 2017-09-11T09:05:00.000Z,
            "utc": 2017-09-11T07:05:00.000Z,
          },
          "where": Object {
            "cityId": "rzeszow_pl",
            "cityName": "Rzeszow",
            "code": "RZE",
          },
        },
        "flightNo": 3806,
        "guarantee": false,
        "id": "SP1123103_1678073",
        "isReturn": false,
        "recheckRequired": false,
        "vehicleType": "aircraft",
      },
      Object {
        "airlineCode": "LO",
        "arrival": Object {
          "when": Object {
            "local": 2017-09-11T11:40:00.000Z,
            "utc": 2017-09-11T09:40:00.000Z,
          },
          "where": Object {
            "cityId": "gdansk_pl",
            "cityName": "Gdansk",
            "code": "GDN",
          },
        },
        "boardingPassAvailableAt": null,
        "bookingId": 2968389,
        "departure": Object {
          "when": Object {
            "local": 2017-09-11T10:45:00.000Z,
            "utc": 2017-09-11T08:45:00.000Z,
          },
          "where": Object {
            "cityId": "warsaw_pl",
            "cityName": "Warsaw",
            "code": "WAW",
          },
        },
        "flightNo": 3835,
        "guarantee": false,
        "id": "SP1123103_1678074",
        "isReturn": false,
        "recheckRequired": false,
        "vehicleType": "aircraft",
      },
    ],
    "ticketUrl": "https://skypicker-mailing.s3.amazonaws.com/2968/1493837026_E-ticket_passenger_8394a1c13f8dcdce559085cfbbb6cc00.pdf?v=1493837026",
  },
  "authToken": "b9cb406d-f797-434c-bc21-a0612b92f201",
  "bookedServices": Array [
    Object {
      "category": "bags",
      "status": "closed",
    },
  ],
  "contactDetails": Object {
    "email": "tony@kiwi.com",
    "phone": "+1 000",
  },
  "created": 2017-05-03T18:41:59.000Z,
  "departure": Object {
    "when": Object {
      "local": 2017-09-11T09:05:00.000Z,
      "utc": 2017-09-11T07:05:00.000Z,
    },
    "where": Object {
      "cityId": "rzeszow_pl",
      "cityName": "Rzeszow",
      "code": "RZE",
    },
  },
  "id": 2968389,
  "legs": Array [
    Object {
      "airlineCode": "LO",
      "arrival": Object {
        "when": Object {
          "local": 2017-09-11T09:55:00.000Z,
          "utc": 2017-09-11T07:55:00.000Z,
        },
        "where": Object {
          "cityId": "warsaw_pl",
          "cityName": "Warsaw",
          "code": "WAW",
        },
      },
      "boardingPassAvailableAt": null,
      "bookingId": 2968389,
      "departure": Object {
        "when": Object {
          "local": 2017-09-11T09:05:00.000Z,
          "utc": 2017-09-11T07:05:00.000Z,
        },
        "where": Object {
          "cityId": "rzeszow_pl",
          "cityName": "Rzeszow",
          "code": "RZE",
        },
      },
      "flightNo": 3806,
      "guarantee": false,
      "id": "SP1123103_1678073",
      "isReturn": false,
      "recheckRequired": false,
      "vehicleType": "aircraft",
    },
    Object {
      "airlineCode": "LO",
      "arrival": Object {
        "when": Object {
          "local": 2017-09-11T11:40:00.000Z,
          "utc": 2017-09-11T09:40:00.000Z,
        },
        "where": Object {
          "cityId": "gdansk_pl",
          "cityName": "Gdansk",
          "code": "GDN",
        },
      },
      "boardingPassAvailableAt": null,
      "bookingId": 2968389,
      "departure": Object {
        "when": Object {
          "local": 2017-09-11T10:45:00.000Z,
          "utc": 2017-09-11T08:45:00.000Z,
        },
        "where": Object {
          "cityId": "warsaw_pl",
          "cityName": "Warsaw",
          "code": "WAW",
        },
      },
      "flightNo": 3835,
      "guarantee": false,
      "id": "SP1123103_1678074",
      "isReturn": false,
      "recheckRequired": false,
      "vehicleType": "aircraft",
    },
  ],
  "numberCheckedBaggage": 0,
  "passengerCount": 1,
  "passengers": Array [
    Object {
      "birthday": "1985-01-01",
      "firstname": "TEST",
      "id": 4492972,
      "insuranceType": "none",
      "lastname": "TEST",
      "nationality": "us",
      "title": "mr",
      "travelDocument": Object {
        "expiration": 1608768000,
        "idNumber": "12345678XY",
      },
      "travelInfo": Array [
        Object {
          "visa": Array [
            Object {
              "country": "PL",
              "info": "<div class=\\"content\\"><p>
Visa required.  
</p>
<h3>The following are exempt from holding a visa:</h3>
<p>
Nationals of USA for a maximum stay of 90 days.  
</p><p>
The max. stay is granted within 180 days.
</p>

</div>",
              "status": "critical",
              "timestamp": 1447264497,
            },
            Object {
              "country": "PL",
              "info": "<div class=\\"content\\"><p><b>The passenger is arriving on a domestic or common border area flight and no immigration regulations apply for this segment.  See Entry Requirements for previous segment.</b></p></div>",
              "status": "ok",
              "timestamp": 1447264497,
            },
          ],
        },
      ],
    },
  ],
  "price": Object {
    "amount": 1082,
    "currency": "CZK",
  },
  "status": "confirmed",
  "type": "BookingOneWay",
}
`;

exports[`Sanitize list item should work 1`] = `
Object {
  "arrival": Object {
    "when": Object {
      "local": 2017-09-11T11:40:00.000Z,
      "utc": 2017-09-11T09:40:00.000Z,
    },
    "where": Object {
      "cityId": "gdansk_pl",
      "cityName": "Gdansk",
      "code": "GDN",
    },
  },
  "authToken": "b9cb406d-f797-434c-bc21-a0612b92f201",
  "created": 2017-05-03T18:41:59.000Z,
  "departure": Object {
    "when": Object {
      "local": 2017-09-11T09:05:00.000Z,
      "utc": 2017-09-11T07:05:00.000Z,
    },
    "where": Object {
      "cityId": "rzeszow_pl",
      "cityName": "Rzeszow",
      "code": "RZE",
    },
  },
  "id": 2968389,
  "legs": Array [
    Object {
      "airlineCode": "LO",
      "arrival": Object {
        "when": Object {
          "local": 2017-09-11T09:55:00.000Z,
          "utc": 2017-09-11T07:55:00.000Z,
        },
        "where": Object {
          "cityId": "warsaw_pl",
          "cityName": "Warsaw",
          "code": "WAW",
        },
      },
      "boardingPassAvailableAt": undefined,
      "bookingId": 2968389,
      "departure": Object {
        "when": Object {
          "local": 2017-09-11T09:05:00.000Z,
          "utc": 2017-09-11T07:05:00.000Z,
        },
        "where": Object {
          "cityId": "rzeszow_pl",
          "cityName": "Rzeszow",
          "code": "RZE",
        },
      },
      "flightNo": 3806,
      "guarantee": false,
      "id": "SP1123103_1678073",
      "isReturn": false,
      "recheckRequired": false,
      "vehicleType": undefined,
    },
    Object {
      "airlineCode": "LO",
      "arrival": Object {
        "when": Object {
          "local": 2017-09-11T11:40:00.000Z,
          "utc": 2017-09-11T09:40:00.000Z,
        },
        "where": Object {
          "cityId": "gdansk_pl",
          "cityName": "Gdansk",
          "code": "GDN",
        },
      },
      "boardingPassAvailableAt": undefined,
      "bookingId": 2968389,
      "departure": Object {
        "when": Object {
          "local": 2017-09-11T10:45:00.000Z,
          "utc": 2017-09-11T08:45:00.000Z,
        },
        "where": Object {
          "cityId": "warsaw_pl",
          "cityName": "Warsaw",
          "code": "WAW",
        },
      },
      "flightNo": 3835,
      "guarantee": false,
      "id": "SP1123103_1678074",
      "isReturn": false,
      "recheckRequired": false,
      "vehicleType": undefined,
    },
  ],
  "passengerCount": 1,
  "passengers": Array [
    Object {
      "birthday": "1985-01-01",
      "firstname": "TEST",
      "id": 4492972,
      "insuranceType": "none",
      "lastname": "TEST",
      "nationality": "us",
      "title": "mr",
      "travelDocument": Object {
        "expiration": 1608768000,
        "idNumber": "12345678XY",
      },
      "travelInfo": Array [],
    },
  ],
  "price": Object {
    "amount": 1082,
    "currency": "CZK",
  },
  "status": "confirmed",
  "type": "BookingOneWay",
}
`;

exports[`Sanitize list item should work with return flight 1`] = `
Object {
  "arrival": Object {
    "when": Object {
      "local": 2017-07-09T21:20:00.000Z,
      "utc": 2017-07-09T19:20:00.000Z,
    },
    "where": Object {
      "cityId": "prague_cz",
      "cityName": "Prague",
      "code": "PRG",
    },
  },
  "authToken": "random_auth_token",
  "created": 2017-06-03T08:33:37.000Z,
  "departure": Object {
    "when": Object {
      "local": 2017-06-28T12:05:00.000Z,
      "utc": 2017-06-28T10:05:00.000Z,
    },
    "where": Object {
      "cityId": "prague_cz",
      "cityName": "Prague",
      "code": "PRG",
    },
  },
  "id": 3222550,
  "inbound": Object {
    "arrival": Object {
      "when": Object {
        "local": 2017-07-09T21:20:00.000Z,
        "utc": 2017-07-09T19:20:00.000Z,
      },
      "where": Object {
        "cityId": "prague_cz",
        "cityName": "Prague",
        "code": "PRG",
      },
    },
    "departure": Object {
      "when": Object {
        "local": 2017-07-09T12:45:00.000Z,
        "utc": 2017-07-09T03:45:00.000Z,
      },
      "where": Object {
        "cityId": "tokyo_jp",
        "cityName": "Tokyo",
        "code": "NRT",
      },
    },
    "legs": Array [
      Object {
        "airlineCode": "AZ",
        "arrival": Object {
          "when": Object {
            "local": 2017-07-09T18:30:00.000Z,
            "utc": 2017-07-09T16:30:00.000Z,
          },
          "where": Object {
            "cityId": "milan_it",
            "cityName": "Milan",
            "code": "MXP",
          },
        },
        "boardingPassAvailableAt": undefined,
        "bookingId": 3222550,
        "departure": Object {
          "when": Object {
            "local": 2017-07-09T12:45:00.000Z,
            "utc": 2017-07-09T03:45:00.000Z,
          },
          "where": Object {
            "cityId": "tokyo_jp",
            "cityName": "Tokyo",
            "code": "NRT",
          },
        },
        "flightNo": 787,
        "guarantee": false,
        "id": "SP1244683_1864800",
        "isReturn": true,
        "recheckRequired": false,
        "vehicleType": undefined,
      },
      Object {
        "airlineCode": "AZ",
        "arrival": Object {
          "when": Object {
            "local": 2017-07-09T21:20:00.000Z,
            "utc": 2017-07-09T19:20:00.000Z,
          },
          "where": Object {
            "cityId": "prague_cz",
            "cityName": "Prague",
            "code": "PRG",
          },
        },
        "boardingPassAvailableAt": undefined,
        "bookingId": 3222550,
        "departure": Object {
          "when": Object {
            "local": 2017-07-09T19:50:00.000Z,
            "utc": 2017-07-09T17:50:00.000Z,
          },
          "where": Object {
            "cityId": "milan_it",
            "cityName": "Milan",
            "code": "MXP",
          },
        },
        "flightNo": 7544,
        "guarantee": false,
        "id": "SP1244683_1864801",
        "isReturn": true,
        "recheckRequired": false,
        "vehicleType": undefined,
      },
    ],
  },
  "legs": Array [
    Object {
      "airlineCode": "AZ",
      "arrival": Object {
        "when": Object {
          "local": 2017-06-28T14:00:00.000Z,
          "utc": 2017-06-28T12:00:00.000Z,
        },
        "where": Object {
          "cityId": "rome_it",
          "cityName": "Rome",
          "code": "FCO",
        },
      },
      "boardingPassAvailableAt": undefined,
      "bookingId": 3222550,
      "departure": Object {
        "when": Object {
          "local": 2017-06-28T12:05:00.000Z,
          "utc": 2017-06-28T10:05:00.000Z,
        },
        "where": Object {
          "cityId": "prague_cz",
          "cityName": "Prague",
          "code": "PRG",
        },
      },
      "flightNo": 7545,
      "guarantee": false,
      "id": "SP1244683_1864798",
      "isReturn": false,
      "recheckRequired": false,
      "vehicleType": undefined,
    },
    Object {
      "airlineCode": "AZ",
      "arrival": Object {
        "when": Object {
          "local": 2017-06-29T10:30:00.000Z,
          "utc": 2017-06-29T01:30:00.000Z,
        },
        "where": Object {
          "cityId": "tokyo_jp",
          "cityName": "Tokyo",
          "code": "NRT",
        },
      },
      "boardingPassAvailableAt": undefined,
      "bookingId": 3222550,
      "departure": Object {
        "when": Object {
          "local": 2017-06-28T15:15:00.000Z,
          "utc": 2017-06-28T13:15:00.000Z,
        },
        "where": Object {
          "cityId": "rome_it",
          "cityName": "Rome",
          "code": "FCO",
        },
      },
      "flightNo": 784,
      "guarantee": false,
      "id": "SP1244683_1864799",
      "isReturn": false,
      "recheckRequired": false,
      "vehicleType": undefined,
    },
    Object {
      "airlineCode": "AZ",
      "arrival": Object {
        "when": Object {
          "local": 2017-07-09T18:30:00.000Z,
          "utc": 2017-07-09T16:30:00.000Z,
        },
        "where": Object {
          "cityId": "milan_it",
          "cityName": "Milan",
          "code": "MXP",
        },
      },
      "boardingPassAvailableAt": undefined,
      "bookingId": 3222550,
      "departure": Object {
        "when": Object {
          "local": 2017-07-09T12:45:00.000Z,
          "utc": 2017-07-09T03:45:00.000Z,
        },
        "where": Object {
          "cityId": "tokyo_jp",
          "cityName": "Tokyo",
          "code": "NRT",
        },
      },
      "flightNo": 787,
      "guarantee": false,
      "id": "SP1244683_1864800",
      "isReturn": true,
      "recheckRequired": false,
      "vehicleType": undefined,
    },
    Object {
      "airlineCode": "AZ",
      "arrival": Object {
        "when": Object {
          "local": 2017-07-09T21:20:00.000Z,
          "utc": 2017-07-09T19:20:00.000Z,
        },
        "where": Object {
          "cityId": "prague_cz",
          "cityName": "Prague",
          "code": "PRG",
        },
      },
      "boardingPassAvailableAt": undefined,
      "bookingId": 3222550,
      "departure": Object {
        "when": Object {
          "local": 2017-07-09T19:50:00.000Z,
          "utc": 2017-07-09T17:50:00.000Z,
        },
        "where": Object {
          "cityId": "milan_it",
          "cityName": "Milan",
          "code": "MXP",
        },
      },
      "flightNo": 7544,
      "guarantee": false,
      "id": "SP1244683_1864801",
      "isReturn": true,
      "recheckRequired": false,
      "vehicleType": undefined,
    },
  ],
  "outbound": Object {
    "arrival": Object {
      "when": Object {
        "local": 2017-06-29T10:30:00.000Z,
        "utc": 2017-06-29T01:30:00.000Z,
      },
      "where": Object {
        "cityId": "tokyo_jp",
        "cityName": "Tokyo",
        "code": "NRT",
      },
    },
    "departure": Object {
      "when": Object {
        "local": 2017-06-28T12:05:00.000Z,
        "utc": 2017-06-28T10:05:00.000Z,
      },
      "where": Object {
        "cityId": "prague_cz",
        "cityName": "Prague",
        "code": "PRG",
      },
    },
    "legs": Array [
      Object {
        "airlineCode": "AZ",
        "arrival": Object {
          "when": Object {
            "local": 2017-06-28T14:00:00.000Z,
            "utc": 2017-06-28T12:00:00.000Z,
          },
          "where": Object {
            "cityId": "rome_it",
            "cityName": "Rome",
            "code": "FCO",
          },
        },
        "boardingPassAvailableAt": undefined,
        "bookingId": 3222550,
        "departure": Object {
          "when": Object {
            "local": 2017-06-28T12:05:00.000Z,
            "utc": 2017-06-28T10:05:00.000Z,
          },
          "where": Object {
            "cityId": "prague_cz",
            "cityName": "Prague",
            "code": "PRG",
          },
        },
        "flightNo": 7545,
        "guarantee": false,
        "id": "SP1244683_1864798",
        "isReturn": false,
        "recheckRequired": false,
        "vehicleType": undefined,
      },
      Object {
        "airlineCode": "AZ",
        "arrival": Object {
          "when": Object {
            "local": 2017-06-29T10:30:00.000Z,
            "utc": 2017-06-29T01:30:00.000Z,
          },
          "where": Object {
            "cityId": "tokyo_jp",
            "cityName": "Tokyo",
            "code": "NRT",
          },
        },
        "boardingPassAvailableAt": undefined,
        "bookingId": 3222550,
        "departure": Object {
          "when": Object {
            "local": 2017-06-28T15:15:00.000Z,
            "utc": 2017-06-28T13:15:00.000Z,
          },
          "where": Object {
            "cityId": "rome_it",
            "cityName": "Rome",
            "code": "FCO",
          },
        },
        "flightNo": 784,
        "guarantee": false,
        "id": "SP1244683_1864799",
        "isReturn": false,
        "recheckRequired": false,
        "vehicleType": undefined,
      },
    ],
  },
  "passengerCount": 2,
  "passengers": Array [
    Object {
      "birthday": "1994-01-24",
      "firstname": "Joe",
      "id": 4882155,
      "insuranceType": "none",
      "lastname": "Doe",
      "nationality": "cz",
      "title": "ms",
      "travelDocument": Object {
        "expiration": 1786838400,
        "idNumber": "007007007",
      },
      "travelInfo": Array [],
    },
    Object {
      "birthday": "1989-03-13",
      "firstname": "John",
      "id": 4882156,
      "insuranceType": "none",
      "lastname": "Smith",
      "nationality": "cz",
      "title": "mr",
      "travelDocument": Object {
        "expiration": 1793500000,
        "idNumber": "111111111",
      },
      "travelInfo": Array [],
    },
  ],
  "price": Object {
    "amount": 38867,
    "currency": "CZK",
  },
  "status": "confirmed",
  "type": "BookingReturn",
}
`;
