// Jest Snapshot v1, https://goo.gl/fbAQLP

exports[`returns baggage AND pending baggage 1`] = `
Array [
  Object {
    "isPending": false,
    "x": "foo",
  },
  Object {
    "isPending": false,
    "x": "bar",
  },
  Object {
    "isPending": true,
    "x": "baz",
  },
]
`;
