// Jest Snapshot v1, https://goo.gl/fbAQLP

exports[`AllowedBaggage type should have valid fields 1`] = `
Object {
  "category": Object {
    "args": Array [],
    "isDeprecated": false,
    "name": "category",
    "resolve": [Function],
    "type": "BaggageCategory",
  },
  "dimensionSum": Object {
    "args": Array [],
    "description": "Maximum allowed sum of weight, length and width",
    "isDeprecated": false,
    "name": "dimensionSum",
    "resolve": [Function],
    "type": "Int",
  },
  "height": Object {
    "args": Array [],
    "isDeprecated": false,
    "name": "height",
    "resolve": [Function],
    "type": "Int",
  },
  "isPending": Object {
    "args": Array [],
    "isDeprecated": false,
    "name": "isPending",
    "resolve": [Function],
    "type": "Boolean",
  },
  "length": Object {
    "args": Array [],
    "isDeprecated": false,
    "name": "length",
    "resolve": [Function],
    "type": "Int",
  },
  "note": Object {
    "args": Array [],
    "isDeprecated": false,
    "name": "note",
    "resolve": [Function],
    "type": "String",
  },
  "weight": Object {
    "args": Array [],
    "isDeprecated": false,
    "name": "weight",
    "resolve": [Function],
    "type": "Int",
  },
  "width": Object {
    "args": Array [],
    "isDeprecated": false,
    "name": "width",
    "resolve": [Function],
    "type": "Int",
  },
}
`;
