// Jest Snapshot v1, https://goo.gl/fbAQLP

exports[`Booking type should have valid fields 1`] = `
Object {
  "allowedBaggage": Object {
    "args": Array [],
    "deprecationReason": "Use \\"baggage\\" field instead.",
    "isDeprecated": true,
    "name": "allowedBaggage",
    "resolve": [Function],
    "type": "AllowedBaggage",
  },
  "arrival": Object {
    "args": Array [],
    "deprecationReason": "Use \\"oneWay\\", \\"return\\" & \\"multicity\\"  fields to retrieve booking info.",
    "isDeprecated": true,
    "name": "arrival",
    "resolve": [Function],
    "type": "RouteStop",
  },
  "assets": Object {
    "args": Array [],
    "description": "Static assets related to this booking.",
    "isDeprecated": false,
    "name": "assets",
    "resolve": [Function],
    "type": "BookingAssets",
  },
  "availableServices": Object {
    "args": Array [],
    "description": "All services provided directly by Kiwi.com.",
    "isDeprecated": false,
    "name": "availableServices",
    "resolve": [Function],
    "type": "Services",
  },
  "availableWhitelabeledServices": Object {
    "args": Array [],
    "description": "All services provided via whitelabels.",
    "isDeprecated": false,
    "name": "availableWhitelabeledServices",
    "resolve": [Function],
    "type": "WhitelabeledServices",
  },
  "baggage": Object {
    "args": Array [],
    "isDeprecated": false,
    "name": "baggage",
    "resolve": [Function],
    "type": "[BookingBaggage]",
  },
  "bookedServices": Object {
    "args": Array [],
    "isDeprecated": false,
    "name": "bookedServices",
    "resolve": [Function],
    "type": "[BookedService]",
  },
  "bookingDate": Object {
    "args": Array [],
    "description": "Date of the booking creation",
    "isDeprecated": false,
    "name": "bookingDate",
    "resolve": [Function],
    "type": "Date",
  },
  "carriers": Object {
    "args": Array [],
    "description": "List of carriers involved in the booking.",
    "isDeprecated": false,
    "name": "carriers",
    "resolve": [Function],
    "type": "[Carrier]",
  },
  "contactDetails": Object {
    "args": Array [],
    "isDeprecated": false,
    "name": "contactDetails",
    "resolve": [Function],
    "type": "BookingContactDetails",
  },
  "databaseId": Object {
    "args": Array [],
    "description": "Unique number identifying the booking in communication with support.",
    "isDeprecated": false,
    "name": "databaseId",
    "resolve": [Function],
    "type": "Int",
  },
  "departure": Object {
    "args": Array [],
    "deprecationReason": "Use \\"oneWay\\", \\"return\\" & \\"multicity\\"  fields to retrieve booking info.",
    "isDeprecated": true,
    "name": "departure",
    "resolve": [Function],
    "type": "RouteStop",
  },
  "destinationImageUrl": Object {
    "args": Array [
      Object {
        "astNode": undefined,
        "defaultValue": "600x600",
        "description": null,
        "name": "dimensions",
        "type": "BookingDestinationImageDimensions",
      },
    ],
    "isDeprecated": false,
    "name": "destinationImageUrl",
    "resolve": [Function],
    "type": "String",
  },
  "directAccessURL": Object {
    "args": Array [
      Object {
        "astNode": undefined,
        "defaultValue": undefined,
        "description": null,
        "name": "deeplinkTo",
        "type": "DirectAccessURLValues",
      },
    ],
    "description": "You can use this link to access one particular booking directly WITHOUT PASSWORD. Use it carefully.",
    "isDeprecated": false,
    "name": "directAccessURL",
    "resolve": [Function],
    "type": "String",
  },
  "id": Object {
    "args": Array [],
    "description": "The ID of an object",
    "isDeprecated": false,
    "name": "id",
    "resolve": [Function],
    "type": "ID!",
  },
  "insurancePrices": Object {
    "args": Array [],
    "isDeprecated": false,
    "name": "insurancePrices",
    "resolve": [Function],
    "type": "[InsurancePrice]",
  },
  "isPastBooking": Object {
    "args": Array [],
    "isDeprecated": false,
    "name": "isPastBooking",
    "resolve": [Function],
    "type": "Boolean",
  },
  "legs": Object {
    "args": Array [],
    "deprecationReason": "Use \\"oneWay\\", \\"return\\" & \\"multicity\\"  fields to retrieve booking info.",
    "description": "Flight segments, e.g. stopover, change of aircraft, etc.",
    "isDeprecated": true,
    "name": "legs",
    "resolve": [Function],
    "type": "[Leg]",
  },
  "multicity": Object {
    "args": Array [],
    "isDeprecated": false,
    "name": "multicity",
    "resolve": [Function],
    "type": "BookingMulticity",
  },
  "oneWay": Object {
    "args": Array [],
    "isDeprecated": false,
    "name": "oneWay",
    "resolve": [Function],
    "type": "BookingOneWay",
  },
  "onlineCheckinIsAvailable": Object {
    "args": Array [],
    "isDeprecated": false,
    "name": "onlineCheckinIsAvailable",
    "resolve": [Function],
    "type": "Boolean",
  },
  "passengerCount": Object {
    "args": Array [],
    "isDeprecated": false,
    "name": "passengerCount",
    "resolve": [Function],
    "type": "Int",
  },
  "passengers": Object {
    "args": Array [],
    "isDeprecated": false,
    "name": "passengers",
    "resolve": [Function],
    "type": "[Passenger]",
  },
  "price": Object {
    "args": Array [],
    "description": "Total price of the whole booking.",
    "isDeprecated": false,
    "name": "price",
    "resolve": [Function],
    "type": "Price",
  },
  "return": Object {
    "args": Array [],
    "isDeprecated": false,
    "name": "return",
    "resolve": [Function],
    "type": "BookingReturn",
  },
  "status": Object {
    "args": Array [],
    "isDeprecated": false,
    "name": "status",
    "resolve": [Function],
    "type": "BookingStatus",
  },
  "type": Object {
    "args": Array [],
    "deprecationReason": "Manual type is not necessary. Use \\"__typename\\" instead.",
    "isDeprecated": true,
    "name": "type",
    "resolve": [Function],
    "type": "BookingType",
  },
}
`;
