// Jest Snapshot v1, https://goo.gl/fbAQLP

exports[`arrival query should return valid arrival field 1`] = `
Object {
  "data": Object {
    "allBookings": Object {
      "edges": Array [
        Object {
          "node": Object {
            "arrival": Object {
              "airport": Object {
                "city": Object {
                  "name": "Mocked City Name",
                },
                "locationId": "KUF",
              },
              "localTime": "2017-08-19T03:40:00.000Z",
              "time": "2017-08-18T23:40:00.000Z",
            },
          },
        },
        Object {
          "node": Object {
            "arrival": Object {
              "airport": Object {
                "city": Object {
                  "name": "Mocked City Name",
                },
                "locationId": "DXB",
              },
              "localTime": "2017-09-10T02:00:00.000Z",
              "time": "2017-09-09T22:00:00.000Z",
            },
          },
        },
        Object {
          "node": Object {
            "arrival": Object {
              "airport": Object {
                "city": Object {
                  "name": "Mocked City Name",
                },
                "locationId": "CDG",
              },
              "localTime": "2017-09-09T23:30:00.000Z",
              "time": "2017-09-09T21:30:00.000Z",
            },
          },
        },
        Object {
          "node": Object {
            "arrival": Object {
              "airport": Object {
                "city": Object {
                  "name": "Mocked City Name",
                },
                "locationId": "VIE",
              },
              "localTime": "2018-09-15T06:50:00.000Z",
              "time": "2018-09-15T04:50:00.000Z",
            },
          },
        },
      ],
    },
  },
}
`;

exports[`departure query should return valid departure field 1`] = `
Object {
  "data": Object {
    "allBookings": Object {
      "edges": Array [
        Object {
          "node": Object {
            "departure": Object {
              "airport": Object {
                "city": Object {
                  "name": "Mocked City Name",
                },
                "locationId": "PRG",
              },
              "localTime": "2017-08-18T22:05:00.000Z",
              "time": "2017-08-18T20:05:00.000Z",
            },
          },
        },
        Object {
          "node": Object {
            "departure": Object {
              "airport": Object {
                "city": Object {
                  "name": "Mocked City Name",
                },
                "locationId": "STN",
              },
              "localTime": "2017-09-09T08:05:00.000Z",
              "time": "2017-09-09T07:05:00.000Z",
            },
          },
        },
        Object {
          "node": Object {
            "departure": Object {
              "airport": Object {
                "city": Object {
                  "name": "Mocked City Name",
                },
                "locationId": "LGW",
              },
              "localTime": "2017-09-09T21:10:00.000Z",
              "time": "2017-09-09T20:10:00.000Z",
            },
          },
        },
        Object {
          "node": Object {
            "departure": Object {
              "airport": Object {
                "city": Object {
                  "name": "Mocked City Name",
                },
                "locationId": "VIE",
              },
              "localTime": "2018-08-30T13:30:00.000Z",
              "time": "2018-08-30T11:30:00.000Z",
            },
          },
        },
      ],
    },
  },
}
`;

exports[`flights query should return valid legs field 1`] = `
Object {
  "data": Object {
    "allBookings": Object {
      "edges": Array [
        Object {
          "node": Object {
            "legs": Array [
              Object {
                "arrival": Object {
                  "airport": Object {
                    "city": Object {
                      "name": "Mocked City Name",
                    },
                    "locationId": "KUF",
                  },
                  "localTime": "2017-08-19T03:40:00.000Z",
                  "time": "2017-08-18T23:40:00.000Z",
                },
                "departure": Object {
                  "airport": Object {
                    "city": Object {
                      "name": "Mocked City Name",
                    },
                    "locationId": "PRG",
                  },
                  "localTime": "2017-08-18T22:05:00.000Z",
                  "time": "2017-08-18T20:05:00.000Z",
                },
              },
            ],
          },
        },
        Object {
          "node": Object {
            "legs": Array [
              Object {
                "arrival": Object {
                  "airport": Object {
                    "city": Object {
                      "name": "Mocked City Name",
                    },
                    "locationId": "PRG",
                  },
                  "localTime": "2017-09-09T11:00:00.000Z",
                  "time": "2017-09-09T09:00:00.000Z",
                },
                "departure": Object {
                  "airport": Object {
                    "city": Object {
                      "name": "Mocked City Name",
                    },
                    "locationId": "STN",
                  },
                  "localTime": "2017-09-09T08:05:00.000Z",
                  "time": "2017-09-09T07:05:00.000Z",
                },
              },
              Object {
                "arrival": Object {
                  "airport": Object {
                    "city": Object {
                      "name": "Mocked City Name",
                    },
                    "locationId": "KBP",
                  },
                  "localTime": "2017-09-09T18:15:00.000Z",
                  "time": "2017-09-09T15:15:00.000Z",
                },
                "departure": Object {
                  "airport": Object {
                    "city": Object {
                      "name": "Mocked City Name",
                    },
                    "locationId": "PRG",
                  },
                  "localTime": "2017-09-09T15:00:00.000Z",
                  "time": "2017-09-09T13:00:00.000Z",
                },
              },
              Object {
                "arrival": Object {
                  "airport": Object {
                    "city": Object {
                      "name": "Mocked City Name",
                    },
                    "locationId": "DXB",
                  },
                  "localTime": "2017-09-10T02:00:00.000Z",
                  "time": "2017-09-09T22:00:00.000Z",
                },
                "departure": Object {
                  "airport": Object {
                    "city": Object {
                      "name": "Mocked City Name",
                    },
                    "locationId": "KBP",
                  },
                  "localTime": "2017-09-09T19:50:00.000Z",
                  "time": "2017-09-09T16:50:00.000Z",
                },
              },
            ],
          },
        },
        Object {
          "node": Object {
            "legs": Array [
              Object {
                "arrival": Object {
                  "airport": Object {
                    "city": Object {
                      "name": "Mocked City Name",
                    },
                    "locationId": "CDG",
                  },
                  "localTime": "2017-09-09T23:30:00.000Z",
                  "time": "2017-09-09T21:30:00.000Z",
                },
                "departure": Object {
                  "airport": Object {
                    "city": Object {
                      "name": "Mocked City Name",
                    },
                    "locationId": "LGW",
                  },
                  "localTime": "2017-09-09T21:10:00.000Z",
                  "time": "2017-09-09T20:10:00.000Z",
                },
              },
            ],
          },
        },
        Object {
          "node": Object {
            "legs": Array [
              Object {
                "arrival": Object {
                  "airport": Object {
                    "city": Object {
                      "name": "Mocked City Name",
                    },
                    "locationId": "PEK",
                  },
                  "localTime": "2018-08-31T04:50:00.000Z",
                  "time": "2018-08-30T20:50:00.000Z",
                },
                "departure": Object {
                  "airport": Object {
                    "city": Object {
                      "name": "Mocked City Name",
                    },
                    "locationId": "VIE",
                  },
                  "localTime": "2018-08-30T13:30:00.000Z",
                  "time": "2018-08-30T11:30:00.000Z",
                },
              },
              Object {
                "arrival": Object {
                  "airport": Object {
                    "city": Object {
                      "name": "Mocked City Name",
                    },
                    "locationId": "HKG",
                  },
                  "localTime": "2018-08-31T11:05:00.000Z",
                  "time": "2018-08-31T03:05:00.000Z",
                },
                "departure": Object {
                  "airport": Object {
                    "city": Object {
                      "name": "Mocked City Name",
                    },
                    "locationId": "PEK",
                  },
                  "localTime": "2018-08-31T07:25:00.000Z",
                  "time": "2018-08-30T23:25:00.000Z",
                },
              },
              Object {
                "arrival": Object {
                  "airport": Object {
                    "city": Object {
                      "name": "Mocked City Name",
                    },
                    "locationId": "PEK",
                  },
                  "localTime": "2018-09-14T22:30:00.000Z",
                  "time": "2018-09-14T14:30:00.000Z",
                },
                "departure": Object {
                  "airport": Object {
                    "city": Object {
                      "name": "Mocked City Name",
                    },
                    "locationId": "HKG",
                  },
                  "localTime": "2018-09-14T19:00:00.000Z",
                  "time": "2018-09-14T11:00:00.000Z",
                },
              },
              Object {
                "arrival": Object {
                  "airport": Object {
                    "city": Object {
                      "name": "Mocked City Name",
                    },
                    "locationId": "VIE",
                  },
                  "localTime": "2018-09-15T06:50:00.000Z",
                  "time": "2018-09-15T04:50:00.000Z",
                },
                "departure": Object {
                  "airport": Object {
                    "city": Object {
                      "name": "Mocked City Name",
                    },
                    "locationId": "PEK",
                  },
                  "localTime": "2018-09-15T02:50:00.000Z",
                  "time": "2018-09-14T18:50:00.000Z",
                },
              },
            ],
          },
        },
      ],
    },
  },
}
`;

exports[`id query should return IDs of bookings 1`] = `
Object {
  "data": Object {
    "allBookings": Object {
      "edges": Array [
        Object {
          "node": Object {
            "databaseId": 2707224,
            "id": "Qm9va2luZzoyNzA3MjI0",
            "status": "CONFIRMED",
          },
        },
        Object {
          "node": Object {
            "databaseId": 2707229,
            "id": "Qm9va2luZzoyNzA3MjI5",
            "status": "CONFIRMED",
          },
        },
        Object {
          "node": Object {
            "databaseId": 2707251,
            "id": "Qm9va2luZzoyNzA3MjUx",
            "status": "CONFIRMED",
          },
        },
        Object {
          "node": Object {
            "databaseId": 7474870,
            "id": "Qm9va2luZzo3NDc0ODcw",
            "status": "CONFIRMED",
          },
        },
      ],
    },
  },
}
`;
