// Jest Snapshot v1, https://goo.gl/fbAQLP

exports[`should return isPastBooking 1`] = `
Object {
  "data": Object {
    "allBookings": Object {
      "edges": Array [
        Object {
          "node": Object {
            "isPastBooking": true,
          },
        },
        Object {
          "node": Object {
            "isPastBooking": true,
          },
        },
        Object {
          "node": Object {
            "isPastBooking": true,
          },
        },
        Object {
          "node": Object {
            "isPastBooking": false,
          },
        },
      ],
    },
  },
}
`;
