// Jest Snapshot v1, https://goo.gl/fbAQLP

exports[`flights query with legs should return valid array of flight legs 1`] = `
Object {
  "data": Object {
    "allBookings": Object {
      "edges": Array [
        Object {
          "node": Object {
            "legs": Array [
              Object {
                "arrival": Object {
                  "airport": Object {
                    "city": Object {
                      "name": "Mocked City Name",
                    },
                    "locationId": "MOCKED",
                  },
                  "localTime": "2017-08-19T03:40:00.000Z",
                  "time": "2017-08-18T23:40:00.000Z",
                },
                "departure": Object {
                  "airport": Object {
                    "city": Object {
                      "name": "Mocked City Name",
                    },
                    "locationId": "MOCKED",
                  },
                  "localTime": "2017-08-18T22:05:00.000Z",
                  "time": "2017-08-18T20:05:00.000Z",
                },
                "guarantee": "CARRIER",
                "id": "TGVnOlNQOTkwMzc5XzE0Nzc3MDI=",
                "recheckRequired": false,
              },
            ],
          },
        },
        Object {
          "node": Object {
            "legs": Array [
              Object {
                "arrival": Object {
                  "airport": Object {
                    "city": Object {
                      "name": "Mocked City Name",
                    },
                    "locationId": "MOCKED",
                  },
                  "localTime": "2017-09-09T11:00:00.000Z",
                  "time": "2017-09-09T09:00:00.000Z",
                },
                "departure": Object {
                  "airport": Object {
                    "city": Object {
                      "name": "Mocked City Name",
                    },
                    "locationId": "MOCKED",
                  },
                  "localTime": "2017-09-09T08:05:00.000Z",
                  "time": "2017-09-09T07:05:00.000Z",
                },
                "guarantee": "CARRIER",
                "id": "TGVnOjMxMzUyNzEyMQ==",
                "recheckRequired": false,
              },
              Object {
                "arrival": Object {
                  "airport": Object {
                    "city": Object {
                      "name": "Mocked City Name",
                    },
                    "locationId": "MOCKED",
                  },
                  "localTime": "2017-09-09T18:15:00.000Z",
                  "time": "2017-09-09T15:15:00.000Z",
                },
                "departure": Object {
                  "airport": Object {
                    "city": Object {
                      "name": "Mocked City Name",
                    },
                    "locationId": "MOCKED",
                  },
                  "localTime": "2017-09-09T15:00:00.000Z",
                  "time": "2017-09-09T13:00:00.000Z",
                },
                "guarantee": "KIWICOM",
                "id": "TGVnOlNQOTkwMzg0XzE0Nzc3MDk=",
                "recheckRequired": true,
              },
              Object {
                "arrival": Object {
                  "airport": Object {
                    "city": Object {
                      "name": "Mocked City Name",
                    },
                    "locationId": "MOCKED",
                  },
                  "localTime": "2017-09-10T02:00:00.000Z",
                  "time": "2017-09-09T22:00:00.000Z",
                },
                "departure": Object {
                  "airport": Object {
                    "city": Object {
                      "name": "Mocked City Name",
                    },
                    "locationId": "MOCKED",
                  },
                  "localTime": "2017-09-09T19:50:00.000Z",
                  "time": "2017-09-09T16:50:00.000Z",
                },
                "guarantee": "CARRIER",
                "id": "TGVnOlNQOTkwMzg0XzE0Nzc3MTA=",
                "recheckRequired": false,
              },
            ],
          },
        },
        Object {
          "node": Object {
            "legs": Array [
              Object {
                "arrival": Object {
                  "airport": Object {
                    "city": Object {
                      "name": "Mocked City Name",
                    },
                    "locationId": "MOCKED",
                  },
                  "localTime": "2017-09-09T23:30:00.000Z",
                  "time": "2017-09-09T21:30:00.000Z",
                },
                "departure": Object {
                  "airport": Object {
                    "city": Object {
                      "name": "Mocked City Name",
                    },
                    "locationId": "MOCKED",
                  },
                  "localTime": "2017-09-09T21:10:00.000Z",
                  "time": "2017-09-09T20:10:00.000Z",
                },
                "guarantee": "CARRIER",
                "id": "TGVnOjMxNTI4OTQ5OA==",
                "recheckRequired": false,
              },
            ],
          },
        },
        Object {
          "node": Object {
            "legs": Array [
              Object {
                "arrival": Object {
                  "airport": Object {
                    "city": Object {
                      "name": "Mocked City Name",
                    },
                    "locationId": "MOCKED",
                  },
                  "localTime": "2018-08-31T04:50:00.000Z",
                  "time": "2018-08-30T20:50:00.000Z",
                },
                "departure": Object {
                  "airport": Object {
                    "city": Object {
                      "name": "Mocked City Name",
                    },
                    "locationId": "MOCKED",
                  },
                  "localTime": "2018-08-30T13:30:00.000Z",
                  "time": "2018-08-30T11:30:00.000Z",
                },
                "guarantee": "CARRIER",
                "id": "TGVnOlNQNTQ4NDcwM181Njg5ODkw",
                "recheckRequired": false,
              },
              Object {
                "arrival": Object {
                  "airport": Object {
                    "city": Object {
                      "name": "Mocked City Name",
                    },
                    "locationId": "MOCKED",
                  },
                  "localTime": "2018-08-31T11:05:00.000Z",
                  "time": "2018-08-31T03:05:00.000Z",
                },
                "departure": Object {
                  "airport": Object {
                    "city": Object {
                      "name": "Mocked City Name",
                    },
                    "locationId": "MOCKED",
                  },
                  "localTime": "2018-08-31T07:25:00.000Z",
                  "time": "2018-08-30T23:25:00.000Z",
                },
                "guarantee": "CARRIER",
                "id": "TGVnOlNQNTQ4NDcwM183Mzk0MTM5",
                "recheckRequired": true,
              },
              Object {
                "arrival": Object {
                  "airport": Object {
                    "city": Object {
                      "name": "Mocked City Name",
                    },
                    "locationId": "MOCKED",
                  },
                  "localTime": "2018-09-14T22:30:00.000Z",
                  "time": "2018-09-14T14:30:00.000Z",
                },
                "departure": Object {
                  "airport": Object {
                    "city": Object {
                      "name": "Mocked City Name",
                    },
                    "locationId": "MOCKED",
                  },
                  "localTime": "2018-09-14T19:00:00.000Z",
                  "time": "2018-09-14T11:00:00.000Z",
                },
                "guarantee": "CARRIER",
                "id": "TGVnOlNQNTQ4NDcwM183Mzk0MTQw",
                "recheckRequired": false,
              },
              Object {
                "arrival": Object {
                  "airport": Object {
                    "city": Object {
                      "name": "Mocked City Name",
                    },
                    "locationId": "MOCKED",
                  },
                  "localTime": "2018-09-15T06:50:00.000Z",
                  "time": "2018-09-15T04:50:00.000Z",
                },
                "departure": Object {
                  "airport": Object {
                    "city": Object {
                      "name": "Mocked City Name",
                    },
                    "locationId": "MOCKED",
                  },
                  "localTime": "2018-09-15T02:50:00.000Z",
                  "time": "2018-09-14T18:50:00.000Z",
                },
                "guarantee": "CARRIER",
                "id": "TGVnOlNQNTQ4NDcwM183Mzk0MTQx",
                "recheckRequired": false,
              },
            ],
          },
        },
      ],
    },
  },
}
`;
