// Jest Snapshot v1, https://goo.gl/fbAQLP

exports[`id query should return IDs of bookings 1`] = `
Object {
  "data": Object {
    "allBookings": Object {
      "edges": Array [
        Object {
          "node": Object {
            "assets": Object {
              "invoiceUrl": "https://booking.skypicker.com/api/v0.1/get_file/2707224?file_id=317024120&simple_token=c3f29dd0-18a7-4062-9162-b58f4022fc70",
              "ticketUrl": "https://skypicker-mailing.s3.amazonaws.com/2707/1490858789_E-ticket_passenger_02a172055788d052b0cc7870905b9701.pdf?v=1490858789",
            },
            "databaseId": 2707224,
          },
        },
        Object {
          "node": Object {
            "assets": Object {
              "invoiceUrl": null,
              "ticketUrl": "https://skypicker-mailing.s3.amazonaws.com/2707/1490859027_E-ticket_passenger_99e1026e1e028f02dd0b3229657be5b8.pdf?v=1490859027",
            },
            "databaseId": 2707229,
          },
        },
        Object {
          "node": Object {
            "assets": Object {
              "invoiceUrl": null,
              "ticketUrl": "https://skypicker-mailing.s3.amazonaws.com/2707/1490859068_E-ticket_passenger_and_1_more_e826fc3275a65a5db8808279d8fc7f8f.pdf?v=1490859069",
            },
            "databaseId": 2707251,
          },
        },
        Object {
          "node": Object {
            "assets": Object {
              "invoiceUrl": "https://booking.skypicker.com/api/v0.1/get_file/7474870?file_id=603375001&simple_token=44c137b3-dca2-48ca-b091-aabfa4b53488",
              "ticketUrl": "https://mailing-files-dropzone.s3.eu-west-1.amazonaws.com/7474/1530544118_E-ticket_passenger_e8c265f9a621731d2dc62357d9f55307.pdf?v=1530544121",
            },
            "databaseId": 7474870,
          },
        },
      ],
    },
  },
}
`;
