// Jest Snapshot v1, https://goo.gl/fbAQLP

exports[`RouteStop type should have valid fields 1`] = `
Object {
  "airport": Object {
    "args": Array [],
    "isDeprecated": false,
    "name": "airport",
    "resolve": [Function],
    "type": "Location",
  },
  "cityId": Object {
    "args": Array [],
    "description": "City id of the route stop",
    "isDeprecated": false,
    "name": "cityId",
    "resolve": [Function],
    "type": "String",
  },
  "gate": Object {
    "args": Array [],
    "description": "Gate for the route stop",
    "isDeprecated": false,
    "name": "gate",
    "resolve": [Function],
    "type": "String",
  },
  "localTime": Object {
    "args": Array [],
    "isDeprecated": false,
    "name": "localTime",
    "resolve": [Function],
    "type": "DateTime",
  },
  "terminal": Object {
    "args": Array [],
    "description": "Terminal of the route stop",
    "isDeprecated": false,
    "name": "terminal",
    "resolve": [Function],
    "type": "String",
  },
  "time": Object {
    "args": Array [],
    "isDeprecated": false,
    "name": "time",
    "resolve": [Function],
    "type": "DateTime",
  },
}
`;
